// Jest Snapshot v1, https://goo.gl/fbAQLP

exports[`Tests from BackButton component BckButton snapshot 1`] = `
<View
  accessible={true}
  collapsable={false}
  focusable={true}
  onClick={[Function]}
  onResponderGrant={[Function]}
  onResponderMove={[Function]}
  onResponderRelease={[Function]}
  onResponderTerminate={[Function]}
  onResponderTerminationRequest={[Function]}
  onStartShouldSetResponder={[Function]}
  style={
    Object {
      "marginLeft": 30,
      "marginTop": 9,
      "opacity": 1,
    }
  }
>
  < />
</View>
`;
