// Jest Snapshot v1, https://goo.gl/fbAQLP

exports[`Tests InputComponent component InputComponent snapshot 1`] = `
<View
  style={
    Object {
      "marginTop": 18,
    }
  }
>
  <Text
    style={
      Object {
        "color": "#333333",
        "fontSize": 16,
        "marginBottom": "1.23%",
        "marginLeft": 20,
      }
    }
  >
    prueba
     
    <Text
      style={Object {}}
    >
      *
    </Text>
  </Text>
  <TextInput
    onChange={[Function]}
    secureTextEntry={false}
    style={
      Object {
        "borderColor": "#5E656F",
        "borderRadius": 2,
        "borderWidth": 1,
        "fontSize": 17,
        "height": 50,
        "marginLeft": 20,
        "width": 710,
      }
    }
  />
</View>
`;
